// Jest Snapshot v1, https://goo.gl/fbAQLP

exports[`test/app/ui/CardList/Native.test.js Render 1`] = `
ShallowWrapper {
  "length": 1,
  Symbol(enzyme.__root__): [Circular],
  Symbol(enzyme.__unrendered__): <CardList
    addCards={[MockFunction]}
    cards={
      Array [
        Object {
          "description": "dummyDescription",
          "id": 1,
          "image": "dummyImage",
          "isFavorite": true,
          "isRead": true,
          "title": "dummyTitle",
        },
      ]
    }
    fetchPublications={[MockFunction]}
    isLoaderVisible={false}
    search="dummySearch"
    toggleFavorite={[MockFunction]}
    toggleRead={[MockFunction]}
  />,
  Symbol(enzyme.__renderer__): Object {
    "batchedUpdates": [Function],
    "getNode": [Function],
    "render": [Function],
    "simulateEvent": [Function],
    "unmount": [Function],
  },
  Symbol(enzyme.__node__): Object {
    "instance": null,
    "key": undefined,
    "nodeType": "class",
    "props": Object {
      "data": Array [
        Object {
          "description": "dummyDescription",
          "id": 1,
          "image": "dummyImage",
          "isFavorite": true,
          "isRead": true,
          "title": "dummyTitle",
        },
      ],
      "disableVirtualization": false,
      "horizontal": false,
      "initialNumToRender": 10,
      "keyExtractor": [Function],
      "maxToRenderPerBatch": 10,
      "numColumns": 1,
      "onEndReachedThreshold": 2,
      "onScrollEndDrag": [Function],
      "refreshControl": <RefreshControlMock
        onRefresh={[Function]}
        refreshing={false}
      />,
      "renderItem": [Function],
      "scrollEventThrottle": 50,
      "updateCellsBatchingPeriod": 50,
      "windowSize": 21,
    },
    "ref": null,
    "rendered": null,
    "type": [Function],
  },
  Symbol(enzyme.__nodes__): Array [
    Object {
      "instance": null,
      "key": undefined,
      "nodeType": "class",
      "props": Object {
        "data": Array [
          Object {
            "description": "dummyDescription",
            "id": 1,
            "image": "dummyImage",
            "isFavorite": true,
            "isRead": true,
            "title": "dummyTitle",
          },
        ],
        "disableVirtualization": false,
        "horizontal": false,
        "initialNumToRender": 10,
        "keyExtractor": [Function],
        "maxToRenderPerBatch": 10,
        "numColumns": 1,
        "onEndReachedThreshold": 2,
        "onScrollEndDrag": [Function],
        "refreshControl": <RefreshControlMock
          onRefresh={[Function]}
          refreshing={false}
        />,
        "renderItem": [Function],
        "scrollEventThrottle": 50,
        "updateCellsBatchingPeriod": 50,
        "windowSize": 21,
      },
      "ref": null,
      "rendered": null,
      "type": [Function],
    },
  ],
  Symbol(enzyme.__options__): Object {
    "adapter": ReactSixteenAdapter {
      "options": Object {
        "enableComponentDidUpdateOnSetState": true,
      },
    },
  },
}
`;
