// Jest Snapshot v1, https://goo.gl/fbAQLP

exports[`test/app/ui/CardList/Web.test.js Render 1`] = `
ShallowWrapper {
  "length": 1,
  Symbol(enzyme.__root__): [Circular],
  Symbol(enzyme.__unrendered__): <CardList
    addCards={[MockFunction]}
    cards={
      Array [
        Object {
          "description": "dummyDescription",
          "id": 1,
          "image": "dummyImage",
          "isFavorite": true,
          "isRead": true,
          "title": "dummyTitle",
        },
      ]
    }
    fetchPublications={[MockFunction]}
    isLoaderVisible={false}
    search="dummySearch"
  />,
  Symbol(enzyme.__renderer__): Object {
    "batchedUpdates": [Function],
    "getNode": [Function],
    "render": [Function],
    "simulateEvent": [Function],
    "unmount": [Function],
  },
  Symbol(enzyme.__node__): Object {
    "instance": null,
    "key": undefined,
    "nodeType": "class",
    "props": Object {
      "children": Array [
        <Connect(withRouter(CardDetail))
          card={
            Object {
              "description": "dummyDescription",
              "id": 1,
              "image": "dummyImage",
              "isFavorite": true,
              "isRead": true,
              "title": "dummyTitle",
            }
          }
          style={
            Object {
              "margin": "10px 0",
            }
          }
        />,
      ],
    },
    "ref": null,
    "rendered": Array [
      Object {
        "instance": null,
        "key": "1",
        "nodeType": "class",
        "props": Object {
          "card": Object {
            "description": "dummyDescription",
            "id": 1,
            "image": "dummyImage",
            "isFavorite": true,
            "isRead": true,
            "title": "dummyTitle",
          },
          "style": Object {
            "margin": "10px 0",
          },
        },
        "ref": null,
        "rendered": null,
        "type": [Function],
      },
    ],
    "type": [Function],
  },
  Symbol(enzyme.__nodes__): Array [
    Object {
      "instance": null,
      "key": undefined,
      "nodeType": "class",
      "props": Object {
        "children": Array [
          <Connect(withRouter(CardDetail))
            card={
              Object {
                "description": "dummyDescription",
                "id": 1,
                "image": "dummyImage",
                "isFavorite": true,
                "isRead": true,
                "title": "dummyTitle",
              }
            }
            style={
              Object {
                "margin": "10px 0",
              }
            }
          />,
        ],
      },
      "ref": null,
      "rendered": Array [
        Object {
          "instance": null,
          "key": "1",
          "nodeType": "class",
          "props": Object {
            "card": Object {
              "description": "dummyDescription",
              "id": 1,
              "image": "dummyImage",
              "isFavorite": true,
              "isRead": true,
              "title": "dummyTitle",
            },
            "style": Object {
              "margin": "10px 0",
            },
          },
          "ref": null,
          "rendered": null,
          "type": [Function],
        },
      ],
      "type": [Function],
    },
  ],
  Symbol(enzyme.__options__): Object {
    "adapter": ReactSixteenAdapter {
      "options": Object {
        "enableComponentDidUpdateOnSetState": true,
      },
    },
  },
}
`;
