// Jest Snapshot v1, https://goo.gl/fbAQLP

exports[`test/app/ui/Loader/Web.test.js Render 1`] = `
ShallowWrapper {
  "length": 1,
  Symbol(enzyme.__root__): [Circular],
  Symbol(enzyme.__unrendered__): <Connect(Modal)
    store={
      FakeStore {
        "props": Object {
          "loader": Object {
            "isVisible": false,
          },
        },
      }
    }
  />,
  Symbol(enzyme.__renderer__): Object {
    "batchedUpdates": [Function],
    "getNode": [Function],
    "render": [Function],
    "simulateEvent": [Function],
    "unmount": [Function],
  },
  Symbol(enzyme.__node__): Object {
    "instance": null,
    "key": undefined,
    "nodeType": "function",
    "props": Object {
      "dispatch": undefined,
      "isVisible": false,
      "store": FakeStore {
        "props": Object {
          "loader": Object {
            "isVisible": false,
          },
        },
      },
      "storeSubscription": Subscription {
        "listeners": Object {
          "clear": [Function],
          "get": [Function],
          "notify": [Function],
          "subscribe": [Function],
        },
        "onStateChange": [Function],
        "parentSub": undefined,
        "store": FakeStore {
          "props": Object {
            "loader": Object {
              "isVisible": false,
            },
          },
        },
        "unsubscribe": undefined,
      },
    },
    "ref": null,
    "rendered": null,
    "type": [Function],
  },
  Symbol(enzyme.__nodes__): Array [
    Object {
      "instance": null,
      "key": undefined,
      "nodeType": "function",
      "props": Object {
        "dispatch": undefined,
        "isVisible": false,
        "store": FakeStore {
          "props": Object {
            "loader": Object {
              "isVisible": false,
            },
          },
        },
        "storeSubscription": Subscription {
          "listeners": Object {
            "clear": [Function],
            "get": [Function],
            "notify": [Function],
            "subscribe": [Function],
          },
          "onStateChange": [Function],
          "parentSub": undefined,
          "store": FakeStore {
            "props": Object {
              "loader": Object {
                "isVisible": false,
              },
            },
          },
          "unsubscribe": undefined,
        },
      },
      "ref": null,
      "rendered": null,
      "type": [Function],
    },
  ],
  Symbol(enzyme.__options__): Object {
    "adapter": ReactSixteenAdapter {
      "options": Object {
        "enableComponentDidUpdateOnSetState": true,
      },
    },
  },
}
`;
