// Jest Snapshot v1, https://goo.gl/fbAQLP

exports[`test/app/web/Routes.test.js Render: props: null 1`] = `
ShallowWrapper {
  "length": 1,
  Symbol(enzyme.__root__): [Circular],
  Symbol(enzyme.__unrendered__): <Unknown />,
  Symbol(enzyme.__renderer__): Object {
    "batchedUpdates": [Function],
    "getNode": [Function],
    "render": [Function],
    "simulateEvent": [Function],
    "unmount": [Function],
  },
  Symbol(enzyme.__node__): Object {
    "instance": null,
    "key": undefined,
    "nodeType": "class",
    "props": Object {
      "HomeScreen": [Function],
      "Loader": [Function],
      "LoginScreen": [Function],
      "PrivateRoute": [Function],
      "Route": [Function],
      "Router": [Function],
      "Row": [Function],
      "Switch": [Function],
    },
    "ref": null,
    "rendered": null,
    "type": [Function],
  },
  Symbol(enzyme.__nodes__): Array [
    Object {
      "instance": null,
      "key": undefined,
      "nodeType": "class",
      "props": Object {
        "HomeScreen": [Function],
        "Loader": [Function],
        "LoginScreen": [Function],
        "PrivateRoute": [Function],
        "Route": [Function],
        "Router": [Function],
        "Row": [Function],
        "Switch": [Function],
      },
      "ref": null,
      "rendered": null,
      "type": [Function],
    },
  ],
  Symbol(enzyme.__options__): Object {
    "adapter": ReactSixteenAdapter {
      "options": Object {
        "enableComponentDidUpdateOnSetState": true,
      },
    },
  },
}
`;
