// Jest Snapshot v1, https://goo.gl/fbAQLP

exports[`test/app/ui/CardDetail/Native.test.js Render 1`] = `
ShallowWrapper {
  "length": 1,
  Symbol(enzyme.__root__): [Circular],
  Symbol(enzyme.__unrendered__): <CardDetail
    card={
      Object {
        "description": "dummyDescription",
        "id": 1,
        "image": "dummyImage",
        "isFavorite": true,
        "isRead": true,
        "title": "dummyTitle",
      }
    }
    index={1}
    isDetailed={false}
    toggleFavorite={[MockFunction]}
    toggleRead={[MockFunction]}
  />,
  Symbol(enzyme.__renderer__): Object {
    "batchedUpdates": [Function],
    "getNode": [Function],
    "render": [Function],
    "simulateEvent": [Function],
    "unmount": [Function],
  },
  Symbol(enzyme.__node__): Object {
    "instance": null,
    "key": undefined,
    "nodeType": "class",
    "props": Object {
      "children": Array [
        <Styled(CardItem)>
          <Styled(Body)>
            <Styled(Text)>
              dummyTitle
            </Styled(Text)>
            <Styled(Text)
              note={true}
            >
              dummyDescription
            </Styled(Text)>
          </Styled(Body)>
        </Styled(CardItem)>,
        <TouchableWithoutFeedback
          onPress={[Function]}
        >
          <Styled(CardItem)
            cardBody={true}
          >
            <Image
              source={
                Object {
                  "uri": "http://mustafaarikan.net/mylibrary/static/img/cover/1.jpg",
                }
              }
              style={
                Object {
                  "flex": 1,
                  "height": 200,
                }
              }
            />
          </Styled(CardItem)>
        </TouchableWithoutFeedback>,
        <Styled(CardItem)>
          <Styled(Left)>
            <TouchableOpacity
              activeOpacity={0.2}
              onPress={[Function]}
              style={
                Object {
                  "width": 40,
                }
              }
            >
              <Styled(Icon)
                active={true}
                name="star"
                style={
                  Object {
                    "fontSize": 30,
                  }
                }
              />
            </TouchableOpacity>
            <TouchableOpacity
              activeOpacity={0.2}
              onPress={[Function]}
              style={
                Object {
                  "marginTop": 3,
                  "width": 40,
                }
              }
            >
              <Styled(Icon)
                active={true}
                name="book"
                style={
                  Object {
                    "fontSize": 30,
                  }
                }
              />
            </TouchableOpacity>
          </Styled(Left)>
          <Styled(Right)>
            <TouchableOpacity
              activeOpacity={0.2}
              onPress={[Function]}
              style={
                Object {
                  "alignItems": "flex-end",
                  "flex": 1,
                  "width": 40,
                }
              }
            >
              <Styled(Icon)
                color="#000"
                name="share"
                style={
                  Object {
                    "fontSize": 30,
                  }
                }
              />
            </TouchableOpacity>
          </Styled(Right)>
        </Styled(CardItem)>,
      ],
      "virtual": undefined,
    },
    "ref": null,
    "rendered": Array [
      Object {
        "instance": null,
        "key": undefined,
        "nodeType": "class",
        "props": Object {
          "children": <Styled(Body)>
            <Styled(Text)>
              dummyTitle
            </Styled(Text)>
            <Styled(Text)
              note={true}
            >
              dummyDescription
            </Styled(Text)>
          </Styled(Body)>,
          "virtual": undefined,
        },
        "ref": null,
        "rendered": Object {
          "instance": null,
          "key": undefined,
          "nodeType": "class",
          "props": Object {
            "children": Array [
              <Styled(Text)>
                dummyTitle
              </Styled(Text)>,
              <Styled(Text)
                note={true}
              >
                dummyDescription
              </Styled(Text)>,
            ],
            "virtual": undefined,
          },
          "ref": null,
          "rendered": Array [
            Object {
              "instance": null,
              "key": undefined,
              "nodeType": "class",
              "props": Object {
                "children": "dummyTitle",
                "virtual": undefined,
              },
              "ref": null,
              "rendered": "dummyTitle",
              "type": [Function],
            },
            Object {
              "instance": null,
              "key": undefined,
              "nodeType": "class",
              "props": Object {
                "children": "dummyDescription",
                "note": true,
                "virtual": undefined,
              },
              "ref": null,
              "rendered": "dummyDescription",
              "type": [Function],
            },
          ],
          "type": [Function],
        },
        "type": [Function],
      },
      Object {
        "instance": null,
        "key": undefined,
        "nodeType": "class",
        "props": Object {
          "children": <Styled(CardItem)
            cardBody={true}
          >
            <Image
              source={
                Object {
                  "uri": "http://mustafaarikan.net/mylibrary/static/img/cover/1.jpg",
                }
              }
              style={
                Object {
                  "flex": 1,
                  "height": 200,
                }
              }
            />
          </Styled(CardItem)>,
          "onPress": [Function],
        },
        "ref": null,
        "rendered": Object {
          "instance": null,
          "key": undefined,
          "nodeType": "class",
          "props": Object {
            "cardBody": true,
            "children": <Image
              source={
                Object {
                  "uri": "http://mustafaarikan.net/mylibrary/static/img/cover/1.jpg",
                }
              }
              style={
                Object {
                  "flex": 1,
                  "height": 200,
                }
              }
            />,
            "virtual": undefined,
          },
          "ref": null,
          "rendered": Object {
            "instance": null,
            "key": undefined,
            "nodeType": "class",
            "props": Object {
              "source": Object {
                "uri": "http://mustafaarikan.net/mylibrary/static/img/cover/1.jpg",
              },
              "style": Object {
                "flex": 1,
                "height": 200,
              },
            },
            "ref": null,
            "rendered": null,
            "type": [Function],
          },
          "type": [Function],
        },
        "type": [Function],
      },
      Object {
        "instance": null,
        "key": undefined,
        "nodeType": "class",
        "props": Object {
          "children": Array [
            <Styled(Left)>
              <TouchableOpacity
                activeOpacity={0.2}
                onPress={[Function]}
                style={
                  Object {
                    "width": 40,
                  }
                }
              >
                <Styled(Icon)
                  active={true}
                  name="star"
                  style={
                    Object {
                      "fontSize": 30,
                    }
                  }
                />
              </TouchableOpacity>
              <TouchableOpacity
                activeOpacity={0.2}
                onPress={[Function]}
                style={
                  Object {
                    "marginTop": 3,
                    "width": 40,
                  }
                }
              >
                <Styled(Icon)
                  active={true}
                  name="book"
                  style={
                    Object {
                      "fontSize": 30,
                    }
                  }
                />
              </TouchableOpacity>
            </Styled(Left)>,
            <Styled(Right)>
              <TouchableOpacity
                activeOpacity={0.2}
                onPress={[Function]}
                style={
                  Object {
                    "alignItems": "flex-end",
                    "flex": 1,
                    "width": 40,
                  }
                }
              >
                <Styled(Icon)
                  color="#000"
                  name="share"
                  style={
                    Object {
                      "fontSize": 30,
                    }
                  }
                />
              </TouchableOpacity>
            </Styled(Right)>,
          ],
          "virtual": undefined,
        },
        "ref": null,
        "rendered": Array [
          Object {
            "instance": null,
            "key": undefined,
            "nodeType": "class",
            "props": Object {
              "children": Array [
                <TouchableOpacity
                  activeOpacity={0.2}
                  onPress={[Function]}
                  style={
                    Object {
                      "width": 40,
                    }
                  }
                >
                  <Styled(Icon)
                    active={true}
                    name="star"
                    style={
                      Object {
                        "fontSize": 30,
                      }
                    }
                  />
                </TouchableOpacity>,
                <TouchableOpacity
                  activeOpacity={0.2}
                  onPress={[Function]}
                  style={
                    Object {
                      "marginTop": 3,
                      "width": 40,
                    }
                  }
                >
                  <Styled(Icon)
                    active={true}
                    name="book"
                    style={
                      Object {
                        "fontSize": 30,
                      }
                    }
                  />
                </TouchableOpacity>,
              ],
              "virtual": undefined,
            },
            "ref": null,
            "rendered": Array [
              Object {
                "instance": null,
                "key": undefined,
                "nodeType": "class",
                "props": Object {
                  "activeOpacity": 0.2,
                  "children": <Styled(Icon)
                    active={true}
                    name="star"
                    style={
                      Object {
                        "fontSize": 30,
                      }
                    }
                  />,
                  "onPress": [Function],
                  "style": Object {
                    "width": 40,
                  },
                },
                "ref": null,
                "rendered": Object {
                  "instance": null,
                  "key": undefined,
                  "nodeType": "class",
                  "props": Object {
                    "active": true,
                    "name": "star",
                    "style": Object {
                      "fontSize": 30,
                    },
                    "virtual": undefined,
                  },
                  "ref": null,
                  "rendered": null,
                  "type": [Function],
                },
                "type": [Function],
              },
              Object {
                "instance": null,
                "key": undefined,
                "nodeType": "class",
                "props": Object {
                  "activeOpacity": 0.2,
                  "children": <Styled(Icon)
                    active={true}
                    name="book"
                    style={
                      Object {
                        "fontSize": 30,
                      }
                    }
                  />,
                  "onPress": [Function],
                  "style": Object {
                    "marginTop": 3,
                    "width": 40,
                  },
                },
                "ref": null,
                "rendered": Object {
                  "instance": null,
                  "key": undefined,
                  "nodeType": "class",
                  "props": Object {
                    "active": true,
                    "name": "book",
                    "style": Object {
                      "fontSize": 30,
                    },
                    "virtual": undefined,
                  },
                  "ref": null,
                  "rendered": null,
                  "type": [Function],
                },
                "type": [Function],
              },
            ],
            "type": [Function],
          },
          Object {
            "instance": null,
            "key": undefined,
            "nodeType": "class",
            "props": Object {
              "children": <TouchableOpacity
                activeOpacity={0.2}
                onPress={[Function]}
                style={
                  Object {
                    "alignItems": "flex-end",
                    "flex": 1,
                    "width": 40,
                  }
                }
              >
                <Styled(Icon)
                  color="#000"
                  name="share"
                  style={
                    Object {
                      "fontSize": 30,
                    }
                  }
                />
              </TouchableOpacity>,
              "virtual": undefined,
            },
            "ref": null,
            "rendered": Object {
              "instance": null,
              "key": undefined,
              "nodeType": "class",
              "props": Object {
                "activeOpacity": 0.2,
                "children": <Styled(Icon)
                  color="#000"
                  name="share"
                  style={
                    Object {
                      "fontSize": 30,
                    }
                  }
                />,
                "onPress": [Function],
                "style": Object {
                  "alignItems": "flex-end",
                  "flex": 1,
                  "width": 40,
                },
              },
              "ref": null,
              "rendered": Object {
                "instance": null,
                "key": undefined,
                "nodeType": "class",
                "props": Object {
                  "color": "#000",
                  "name": "share",
                  "style": Object {
                    "fontSize": 30,
                  },
                  "virtual": undefined,
                },
                "ref": null,
                "rendered": null,
                "type": [Function],
              },
              "type": [Function],
            },
            "type": [Function],
          },
        ],
        "type": [Function],
      },
    ],
    "type": [Function],
  },
  Symbol(enzyme.__nodes__): Array [
    Object {
      "instance": null,
      "key": undefined,
      "nodeType": "class",
      "props": Object {
        "children": Array [
          <Styled(CardItem)>
            <Styled(Body)>
              <Styled(Text)>
                dummyTitle
              </Styled(Text)>
              <Styled(Text)
                note={true}
              >
                dummyDescription
              </Styled(Text)>
            </Styled(Body)>
          </Styled(CardItem)>,
          <TouchableWithoutFeedback
            onPress={[Function]}
          >
            <Styled(CardItem)
              cardBody={true}
            >
              <Image
                source={
                  Object {
                    "uri": "http://mustafaarikan.net/mylibrary/static/img/cover/1.jpg",
                  }
                }
                style={
                  Object {
                    "flex": 1,
                    "height": 200,
                  }
                }
              />
            </Styled(CardItem)>
          </TouchableWithoutFeedback>,
          <Styled(CardItem)>
            <Styled(Left)>
              <TouchableOpacity
                activeOpacity={0.2}
                onPress={[Function]}
                style={
                  Object {
                    "width": 40,
                  }
                }
              >
                <Styled(Icon)
                  active={true}
                  name="star"
                  style={
                    Object {
                      "fontSize": 30,
                    }
                  }
                />
              </TouchableOpacity>
              <TouchableOpacity
                activeOpacity={0.2}
                onPress={[Function]}
                style={
                  Object {
                    "marginTop": 3,
                    "width": 40,
                  }
                }
              >
                <Styled(Icon)
                  active={true}
                  name="book"
                  style={
                    Object {
                      "fontSize": 30,
                    }
                  }
                />
              </TouchableOpacity>
            </Styled(Left)>
            <Styled(Right)>
              <TouchableOpacity
                activeOpacity={0.2}
                onPress={[Function]}
                style={
                  Object {
                    "alignItems": "flex-end",
                    "flex": 1,
                    "width": 40,
                  }
                }
              >
                <Styled(Icon)
                  color="#000"
                  name="share"
                  style={
                    Object {
                      "fontSize": 30,
                    }
                  }
                />
              </TouchableOpacity>
            </Styled(Right)>
          </Styled(CardItem)>,
        ],
        "virtual": undefined,
      },
      "ref": null,
      "rendered": Array [
        Object {
          "instance": null,
          "key": undefined,
          "nodeType": "class",
          "props": Object {
            "children": <Styled(Body)>
              <Styled(Text)>
                dummyTitle
              </Styled(Text)>
              <Styled(Text)
                note={true}
              >
                dummyDescription
              </Styled(Text)>
            </Styled(Body)>,
            "virtual": undefined,
          },
          "ref": null,
          "rendered": Object {
            "instance": null,
            "key": undefined,
            "nodeType": "class",
            "props": Object {
              "children": Array [
                <Styled(Text)>
                  dummyTitle
                </Styled(Text)>,
                <Styled(Text)
                  note={true}
                >
                  dummyDescription
                </Styled(Text)>,
              ],
              "virtual": undefined,
            },
            "ref": null,
            "rendered": Array [
              Object {
                "instance": null,
                "key": undefined,
                "nodeType": "class",
                "props": Object {
                  "children": "dummyTitle",
                  "virtual": undefined,
                },
                "ref": null,
                "rendered": "dummyTitle",
                "type": [Function],
              },
              Object {
                "instance": null,
                "key": undefined,
                "nodeType": "class",
                "props": Object {
                  "children": "dummyDescription",
                  "note": true,
                  "virtual": undefined,
                },
                "ref": null,
                "rendered": "dummyDescription",
                "type": [Function],
              },
            ],
            "type": [Function],
          },
          "type": [Function],
        },
        Object {
          "instance": null,
          "key": undefined,
          "nodeType": "class",
          "props": Object {
            "children": <Styled(CardItem)
              cardBody={true}
            >
              <Image
                source={
                  Object {
                    "uri": "http://mustafaarikan.net/mylibrary/static/img/cover/1.jpg",
                  }
                }
                style={
                  Object {
                    "flex": 1,
                    "height": 200,
                  }
                }
              />
            </Styled(CardItem)>,
            "onPress": [Function],
          },
          "ref": null,
          "rendered": Object {
            "instance": null,
            "key": undefined,
            "nodeType": "class",
            "props": Object {
              "cardBody": true,
              "children": <Image
                source={
                  Object {
                    "uri": "http://mustafaarikan.net/mylibrary/static/img/cover/1.jpg",
                  }
                }
                style={
                  Object {
                    "flex": 1,
                    "height": 200,
                  }
                }
              />,
              "virtual": undefined,
            },
            "ref": null,
            "rendered": Object {
              "instance": null,
              "key": undefined,
              "nodeType": "class",
              "props": Object {
                "source": Object {
                  "uri": "http://mustafaarikan.net/mylibrary/static/img/cover/1.jpg",
                },
                "style": Object {
                  "flex": 1,
                  "height": 200,
                },
              },
              "ref": null,
              "rendered": null,
              "type": [Function],
            },
            "type": [Function],
          },
          "type": [Function],
        },
        Object {
          "instance": null,
          "key": undefined,
          "nodeType": "class",
          "props": Object {
            "children": Array [
              <Styled(Left)>
                <TouchableOpacity
                  activeOpacity={0.2}
                  onPress={[Function]}
                  style={
                    Object {
                      "width": 40,
                    }
                  }
                >
                  <Styled(Icon)
                    active={true}
                    name="star"
                    style={
                      Object {
                        "fontSize": 30,
                      }
                    }
                  />
                </TouchableOpacity>
                <TouchableOpacity
                  activeOpacity={0.2}
                  onPress={[Function]}
                  style={
                    Object {
                      "marginTop": 3,
                      "width": 40,
                    }
                  }
                >
                  <Styled(Icon)
                    active={true}
                    name="book"
                    style={
                      Object {
                        "fontSize": 30,
                      }
                    }
                  />
                </TouchableOpacity>
              </Styled(Left)>,
              <Styled(Right)>
                <TouchableOpacity
                  activeOpacity={0.2}
                  onPress={[Function]}
                  style={
                    Object {
                      "alignItems": "flex-end",
                      "flex": 1,
                      "width": 40,
                    }
                  }
                >
                  <Styled(Icon)
                    color="#000"
                    name="share"
                    style={
                      Object {
                        "fontSize": 30,
                      }
                    }
                  />
                </TouchableOpacity>
              </Styled(Right)>,
            ],
            "virtual": undefined,
          },
          "ref": null,
          "rendered": Array [
            Object {
              "instance": null,
              "key": undefined,
              "nodeType": "class",
              "props": Object {
                "children": Array [
                  <TouchableOpacity
                    activeOpacity={0.2}
                    onPress={[Function]}
                    style={
                      Object {
                        "width": 40,
                      }
                    }
                  >
                    <Styled(Icon)
                      active={true}
                      name="star"
                      style={
                        Object {
                          "fontSize": 30,
                        }
                      }
                    />
                  </TouchableOpacity>,
                  <TouchableOpacity
                    activeOpacity={0.2}
                    onPress={[Function]}
                    style={
                      Object {
                        "marginTop": 3,
                        "width": 40,
                      }
                    }
                  >
                    <Styled(Icon)
                      active={true}
                      name="book"
                      style={
                        Object {
                          "fontSize": 30,
                        }
                      }
                    />
                  </TouchableOpacity>,
                ],
                "virtual": undefined,
              },
              "ref": null,
              "rendered": Array [
                Object {
                  "instance": null,
                  "key": undefined,
                  "nodeType": "class",
                  "props": Object {
                    "activeOpacity": 0.2,
                    "children": <Styled(Icon)
                      active={true}
                      name="star"
                      style={
                        Object {
                          "fontSize": 30,
                        }
                      }
                    />,
                    "onPress": [Function],
                    "style": Object {
                      "width": 40,
                    },
                  },
                  "ref": null,
                  "rendered": Object {
                    "instance": null,
                    "key": undefined,
                    "nodeType": "class",
                    "props": Object {
                      "active": true,
                      "name": "star",
                      "style": Object {
                        "fontSize": 30,
                      },
                      "virtual": undefined,
                    },
                    "ref": null,
                    "rendered": null,
                    "type": [Function],
                  },
                  "type": [Function],
                },
                Object {
                  "instance": null,
                  "key": undefined,
                  "nodeType": "class",
                  "props": Object {
                    "activeOpacity": 0.2,
                    "children": <Styled(Icon)
                      active={true}
                      name="book"
                      style={
                        Object {
                          "fontSize": 30,
                        }
                      }
                    />,
                    "onPress": [Function],
                    "style": Object {
                      "marginTop": 3,
                      "width": 40,
                    },
                  },
                  "ref": null,
                  "rendered": Object {
                    "instance": null,
                    "key": undefined,
                    "nodeType": "class",
                    "props": Object {
                      "active": true,
                      "name": "book",
                      "style": Object {
                        "fontSize": 30,
                      },
                      "virtual": undefined,
                    },
                    "ref": null,
                    "rendered": null,
                    "type": [Function],
                  },
                  "type": [Function],
                },
              ],
              "type": [Function],
            },
            Object {
              "instance": null,
              "key": undefined,
              "nodeType": "class",
              "props": Object {
                "children": <TouchableOpacity
                  activeOpacity={0.2}
                  onPress={[Function]}
                  style={
                    Object {
                      "alignItems": "flex-end",
                      "flex": 1,
                      "width": 40,
                    }
                  }
                >
                  <Styled(Icon)
                    color="#000"
                    name="share"
                    style={
                      Object {
                        "fontSize": 30,
                      }
                    }
                  />
                </TouchableOpacity>,
                "virtual": undefined,
              },
              "ref": null,
              "rendered": Object {
                "instance": null,
                "key": undefined,
                "nodeType": "class",
                "props": Object {
                  "activeOpacity": 0.2,
                  "children": <Styled(Icon)
                    color="#000"
                    name="share"
                    style={
                      Object {
                        "fontSize": 30,
                      }
                    }
                  />,
                  "onPress": [Function],
                  "style": Object {
                    "alignItems": "flex-end",
                    "flex": 1,
                    "width": 40,
                  },
                },
                "ref": null,
                "rendered": Object {
                  "instance": null,
                  "key": undefined,
                  "nodeType": "class",
                  "props": Object {
                    "color": "#000",
                    "name": "share",
                    "style": Object {
                      "fontSize": 30,
                    },
                    "virtual": undefined,
                  },
                  "ref": null,
                  "rendered": null,
                  "type": [Function],
                },
                "type": [Function],
              },
              "type": [Function],
            },
          ],
          "type": [Function],
        },
      ],
      "type": [Function],
    },
  ],
  Symbol(enzyme.__options__): Object {
    "adapter": ReactSixteenAdapter {
      "options": Object {
        "enableComponentDidUpdateOnSetState": true,
      },
    },
  },
}
`;
